// Jest Snapshot v1, https://goo.gl/fbAQLP

exports[`<BarChart/> component  should match snapshot WHEN rendered 1`] = `
<DocumentFragment>
  <div
    class="bar-chart chart"
    data-testid="barChart"
  />
</DocumentFragment>
`;
