// Jest Snapshot v1, https://goo.gl/fbAQLP

exports[` <Table/> component should match snapshot WHEN rendered 1`] = `
<DocumentFragment>
  <div
    class="table"
  >
    <div
      class="table__header"
    >
      <div
        class="row"
        data-testid="titleRender"
      />
    </div>
    <div
      class="table__body"
    />
  </div>
</DocumentFragment>
`;
